{
  "exclude": {
    "files": "^.secrets.baseline$",
    "lines": null
  },
  "generated_at": "2026-04-22T05:22:45Z",
  "plugins_used": [
    {
      "name": "AWSKeyDetector"
    },
    {
      "name": "ArtifactoryDetector"
    },
    {
      "name": "AzureStorageKeyDetector"
    },
    {
      "base64_limit": 4.5,
      "name": "Base64HighEntropyString"
    },
    {
      "name": "BasicAuthDetector"
    },
    {
      "name": "BoxDetector"
    },
    {
      "name": "CloudantDetector"
    },
    {
      "ghe_instance": "github.ibm.com",
      "name": "GheDetector"
    },
    {
      "name": "GitHubTokenDetector"
    },
    {
      "hex_limit": 3,
      "name": "HexHighEntropyString"
    },
    {
      "name": "IbmCloudIamDetector"
    },
    {
      "name": "IbmCosHmacDetector"
    },
    {
      "name": "JwtTokenDetector"
    },
    {
      "keyword_exclude": null,
      "name": "KeywordDetector"
    },
    {
      "name": "MailchimpDetector"
    },
    {
      "name": "NpmDetector"
    },
    {
      "name": "PrivateKeyDetector"
    },
    {
      "name": "SlackDetector"
    },
    {
      "name": "SoftlayerDetector"
    },
    {
      "name": "SquareOAuthDetector"
    },
    {
      "name": "StripeDetector"
    },
    {
      "name": "TwilioKeyDetector"
    }
  ],
  "results": {
    ".pytest_cache/CACHEDIR.TAG": [
      {
        "hashed_secret": "e8f8c345877b2411a59897798e422b15b0c16d76",
        "is_secret": false,
        "is_verified": false,
        "line_number": 1,
        "type": "Hex High Entropy String",
        "verified_result": null
      }
    ],
    ".pytest_cache/v/cache/nodeids": [
      {
        "hashed_secret": "3af142c4d6411cb533e5687358db6edc5a99cb8e",
        "is_secret": false,
        "is_verified": false,
        "line_number": 102,
        "type": "Secret Keyword",
        "verified_result": null
      },
      {
        "hashed_secret": "f4db4750b37786063383162acbed87a232fd61be",
        "is_secret": false,
        "is_verified": false,
        "line_number": 103,
        "type": "Secret Keyword",
        "verified_result": null
      },
      {
        "hashed_secret": "480f525b3b83fe3e8617f76198297bc334aafe19",
        "is_secret": false,
        "is_verified": false,
        "line_number": 104,
        "type": "Secret Keyword",
        "verified_result": null
      },
      {
        "hashed_secret": "a8370bbc6940a66512c04e1f11d18f901d4b7e3d",
        "is_secret": false,
        "is_verified": false,
        "line_number": 105,
        "type": "Secret Keyword",
        "verified_result": null
      },
      {
        "hashed_secret": "33f6fd9fd980d1b9ca7824224af220f89da15c2f",
        "is_secret": false,
        "is_verified": false,
        "line_number": 106,
        "type": "Secret Keyword",
        "verified_result": null
      },
      {
        "hashed_secret": "01275f7e10c8e336407e689bf3f7b16b30592816",
        "is_secret": false,
        "is_verified": false,
        "line_number": 107,
        "type": "Secret Keyword",
        "verified_result": null
      },
      {
        "hashed_secret": "fe41a39a9404f1ca83660893e24c6af05901943c",
        "is_secret": false,
        "is_verified": false,
        "line_number": 108,
        "type": "Secret Keyword",
        "verified_result": null
      },
      {
        "hashed_secret": "accd1fb9b858d00eb8a59c0ce2a87853c15c19ad",
        "is_secret": false,
        "is_verified": false,
        "line_number": 109,
        "type": "Secret Keyword",
        "verified_result": null
      },
      {
        "hashed_secret": "98d4546722b001695bbdab8993e6ba37b953d12a",
        "is_secret": false,
        "is_verified": false,
        "line_number": 110,
        "type": "Secret Keyword",
        "verified_result": null
      },
      {
        "hashed_secret": "cf7184f10aad1ffca94803e386d02817d9cf9fa7",
        "is_secret": false,
        "is_verified": false,
        "line_number": 111,
        "type": "Secret Keyword",
        "verified_result": null
      },
      {
        "hashed_secret": "b04c4b5c6058ca09820fd687ecd044b29bd39a14",
        "is_secret": false,
        "is_verified": false,
        "line_number": 112,
        "type": "Secret Keyword",
        "verified_result": null
      },
      {
        "hashed_secret": "64cd81c8056ed57a91383abf33882d7421ad361d",
        "is_secret": false,
        "is_verified": false,
        "line_number": 113,
        "type": "Secret Keyword",
        "verified_result": null
      },
      {
        "hashed_secret": "98354cb743c8a2a0cc46c8a5b495c1ec3632aa76",
        "is_secret": false,
        "is_verified": false,
        "line_number": 138,
        "type": "Secret Keyword",
        "verified_result": null
      },
      {
        "hashed_secret": "7279b348f07cbc95ca4fa8b49fb9f8825d82ba62",
        "is_secret": false,
        "is_verified": false,
        "line_number": 139,
        "type": "Secret Keyword",
        "verified_result": null
      },
      {
        "hashed_secret": "3f8c2bec9f54caec9a2324eca6433fd6d73f7266",
        "is_secret": false,
        "is_verified": false,
        "line_number": 140,
        "type": "Secret Keyword",
        "verified_result": null
      },
      {
        "hashed_secret": "85b68b4166ca104f79ab5d06133b8d66f4ea3029",
        "is_secret": false,
        "is_verified": false,
        "line_number": 141,
        "type": "Secret Keyword",
        "verified_result": null
      },
      {
        "hashed_secret": "08deb06fbd950703593a11e360a6dba64f9ccaab",
        "is_secret": false,
        "is_verified": false,
        "line_number": 142,
        "type": "Secret Keyword",
        "verified_result": null
      },
      {
        "hashed_secret": "9be64ef4b4ed8fa8323f7252aa3956dc0bbcc1c5",
        "is_secret": false,
        "is_verified": false,
        "line_number": 143,
        "type": "Secret Keyword",
        "verified_result": null
      }
    ],
    "examples/custom/test_dr_automation_service_provision_deprovision_examples.py": [
      {
        "hashed_secret": "32e8612d8ca77c7ea8374aa7918db8e5df9252ed",
        "is_secret": false,
        "is_verified": false,
        "line_number": 23,
        "type": "Secret Keyword",
        "verified_result": null
      },
      {
        "hashed_secret": "d8aaa81e837f6842990b0d010cc6418d46efa480",
        "is_secret": false,
        "is_verified": false,
        "line_number": 46,
        "type": "Hex High Entropy String",
        "verified_result": null
      }
    ],
    "examples/custom/test_dr_automation_service_v1_examples.py": [
      {
        "hashed_secret": "456eb4fdebcdf5d0793cafd285622c59ad3c2481",
        "is_secret": false,
        "is_verified": false,
        "line_number": 225,
        "type": "Secret Keyword",
        "verified_result": null
      },
      {
        "hashed_secret": "4affac0aeeb8633870c078900c13773a43f0fccb",
        "is_secret": false,
        "is_verified": false,
        "line_number": 230,
        "type": "Secret Keyword",
        "verified_result": null
      },
      {
        "hashed_secret": "2331c853d39296e8667f82283014fe27738047eb",
        "is_secret": false,
        "is_verified": false,
        "line_number": 235,
        "type": "Secret Keyword",
        "verified_result": null
      },
      {
        "hashed_secret": "93e89d0fb074b3eca087f435f6b034492a45782f",
        "is_secret": false,
        "is_verified": false,
        "line_number": 235,
        "type": "Box Credentials",
        "verified_result": null
      },
      {
        "hashed_secret": "ecb47e6f477780b52e724c150175f80956ef19bd",
        "is_secret": false,
        "is_verified": false,
        "line_number": 235,
        "type": "Base64 High Entropy String",
        "verified_result": null
      }
    ],
    "examples/custom/test_powerha_automation_service_provision_deprovision_examples.py": [
      {
        "hashed_secret": "32e8612d8ca77c7ea8374aa7918db8e5df9252ed",
        "is_secret": false,
        "is_verified": false,
        "line_number": 23,
        "type": "Secret Keyword",
        "verified_result": null
      },
      {
        "hashed_secret": "d8aaa81e837f6842990b0d010cc6418d46efa480",
        "is_secret": false,
        "is_verified": false,
        "line_number": 44,
        "type": "Hex High Entropy String",
        "verified_result": null
      }
    ],
    "examples/test_dr_automation_service_v1_examples.py": [
      {
        "hashed_secret": "421586bc25f1b16dee534505adc9813acf3578bb",
        "is_secret": false,
        "is_verified": false,
        "line_number": 89,
        "type": "Secret Keyword",
        "verified_result": null
      },
      {
        "hashed_secret": "456eb4fdebcdf5d0793cafd285622c59ad3c2481",
        "is_secret": false,
        "is_verified": false,
        "line_number": 252,
        "type": "Secret Keyword",
        "verified_result": null
      },
      {
        "hashed_secret": "2331c853d39296e8667f82283014fe27738047eb",
        "is_secret": false,
        "is_verified": false,
        "line_number": 266,
        "type": "Secret Keyword",
        "verified_result": null
      },
      {
        "hashed_secret": "93e89d0fb074b3eca087f435f6b034492a45782f",
        "is_secret": false,
        "is_verified": false,
        "line_number": 266,
        "type": "Box Credentials",
        "verified_result": null
      },
      {
        "hashed_secret": "ecb47e6f477780b52e724c150175f80956ef19bd",
        "is_secret": false,
        "is_verified": false,
        "line_number": 266,
        "type": "Base64 High Entropy String",
        "verified_result": null
      }
    ],
    "test/integration/test_dr_automation_service_v1.py": [
      {
        "hashed_secret": "421586bc25f1b16dee534505adc9813acf3578bb",
        "is_secret": false,
        "is_verified": false,
        "line_number": 57,
        "type": "Secret Keyword",
        "verified_result": null
      },
      {
        "hashed_secret": "43040ec446c955fc1235fb8283c87097f2498d50",
        "is_secret": false,
        "is_verified": false,
        "line_number": 146,
        "type": "Base64 High Entropy String",
        "verified_result": null
      },
      {
        "hashed_secret": "82034ac6fcf41e1893392a16176cd0f9b3ec2406",
        "is_secret": false,
        "is_verified": false,
        "line_number": 146,
        "type": "Secret Keyword",
        "verified_result": null
      },
      {
        "hashed_secret": "febd4a0f31fdf0b8dfcce0c630a97611b5f57a4b",
        "is_secret": false,
        "is_verified": false,
        "line_number": 146,
        "type": "Box Credentials",
        "verified_result": null
      },
      {
        "hashed_secret": "b8473b86d4c2072ca9b08bd28e373e8253e865c4",
        "is_secret": false,
        "is_verified": false,
        "line_number": 155,
        "type": "Secret Keyword",
        "verified_result": null
      }
    ],
    "test/integration/test_powerha_automation_service_v1.py": [
      {
        "hashed_secret": "421586bc25f1b16dee534505adc9813acf3578bb",
        "is_secret": false,
        "is_verified": false,
        "line_number": 57,
        "type": "Secret Keyword",
        "verified_result": null
      },
      {
        "hashed_secret": "689ad7a40737dc993342fa5f933a7c3661c3ce80",
        "is_secret": false,
        "is_verified": false,
        "line_number": 132,
        "type": "Secret Keyword",
        "verified_result": null
      }
    ],
    "test/unit/test_dr_automation_service_v1.py": [
      {
        "hashed_secret": "421586bc25f1b16dee534505adc9813acf3578bb",
        "is_secret": false,
        "is_verified": false,
        "line_number": 202,
        "type": "Secret Keyword",
        "verified_result": null
      },
      {
        "hashed_secret": "43040ec446c955fc1235fb8283c87097f2498d50",
        "is_secret": false,
        "is_verified": false,
        "line_number": 1344,
        "type": "Base64 High Entropy String",
        "verified_result": null
      },
      {
        "hashed_secret": "82034ac6fcf41e1893392a16176cd0f9b3ec2406",
        "is_secret": false,
        "is_verified": false,
        "line_number": 1344,
        "type": "Secret Keyword",
        "verified_result": null
      },
      {
        "hashed_secret": "febd4a0f31fdf0b8dfcce0c630a97611b5f57a4b",
        "is_secret": false,
        "is_verified": false,
        "line_number": 1344,
        "type": "Box Credentials",
        "verified_result": null
      },
      {
        "hashed_secret": "b8473b86d4c2072ca9b08bd28e373e8253e865c4",
        "is_secret": false,
        "is_verified": false,
        "line_number": 2641,
        "type": "Secret Keyword",
        "verified_result": null
      }
    ],
    "test/unit/test_powerha_automation_service_v1.py": [
      {
        "hashed_secret": "bfa6c75d62219ac0d693745429900e6ed086978d",
        "is_secret": false,
        "is_verified": false,
        "line_number": 190,
        "type": "Base64 High Entropy String",
        "verified_result": null
      },
      {
        "hashed_secret": "421586bc25f1b16dee534505adc9813acf3578bb",
        "is_secret": false,
        "is_verified": false,
        "line_number": 202,
        "type": "Secret Keyword",
        "verified_result": null
      },
      {
        "hashed_secret": "c73879eba76f0227ce18c8f62c3c56ad66fcff50",
        "is_secret": false,
        "is_verified": false,
        "line_number": 587,
        "type": "Base64 High Entropy String",
        "verified_result": null
      },
      {
        "hashed_secret": "ba35b77e8d6c99b2a62adb8c720b537a6e4a86ff",
        "is_secret": false,
        "is_verified": false,
        "line_number": 724,
        "type": "Base64 High Entropy String",
        "verified_result": null
      },
      {
        "hashed_secret": "b006d765c105d2d5a8040dc5afeae599cf0f774b",
        "is_secret": false,
        "is_verified": false,
        "line_number": 888,
        "type": "Base64 High Entropy String",
        "verified_result": null
      },
      {
        "hashed_secret": "9ba5132de68935021748ed313e252ec5749f6cbd",
        "is_secret": false,
        "is_verified": false,
        "line_number": 1196,
        "type": "Base64 High Entropy String",
        "verified_result": null
      },
      {
        "hashed_secret": "689ad7a40737dc993342fa5f933a7c3661c3ce80",
        "is_secret": false,
        "is_verified": false,
        "line_number": 1210,
        "type": "Secret Keyword",
        "verified_result": null
      },
      {
        "hashed_secret": "545d6f94bdd06a6904d404e664d75c093c22650f",
        "is_secret": false,
        "is_verified": false,
        "line_number": 1368,
        "type": "Base64 High Entropy String",
        "verified_result": null
      },
      {
        "hashed_secret": "28d3c282c423ef062746e47a1c319c9e3ba39c96",
        "is_secret": false,
        "is_verified": false,
        "line_number": 1539,
        "type": "Base64 High Entropy String",
        "verified_result": null
      },
      {
        "hashed_secret": "9d1aa1789a4aa3e039b485dc178b602ce1557375",
        "is_secret": false,
        "is_verified": false,
        "line_number": 1665,
        "type": "Base64 High Entropy String",
        "verified_result": null
      }
    ]
  },
  "version": "0.13.1+ibm.64.dss",
  "word_list": {
    "file": null,
    "hash": null
  }
}
